// Jest Snapshot v1, https://goo.gl/fbAQLP

exports[`Jokes should render correctly 1`] = `
<div
  className="sc-bdVaJa kZAgjJ"
>
  <div
    className="sc-bwzfXH dhWCcq"
  />
  <div
    className="sc-bwzfXH dhWCcq"
  />
</div>
`;
