// Jest Snapshot v1, https://goo.gl/fbAQLP

exports[`LoginModal should render correctly 1`] = `
<div
  className="sc-bwzfXH ikDjqk"
>
  <div
    className="sc-bdVaJa gwBqPQ"
  >
    Login
  </div>
  <form>
    <div>
      <input
        className="sc-bxivhb eBNJKg"
        onChange={[Function]}
        placeholder="User"
        type="text"
      />
    </div>
    <div>
      <input
        className="sc-bxivhb eBNJKg"
        onChange={[Function]}
        placeholder="Password"
        type="password"
      />
    </div>
    <button
      className="sc-htpNat hHtpcc"
      onClick={[Function]}
    >
      SUBMIT
    </button>
  </form>
</div>
`;
